// Vitest Snapshot v1, https://vitest.dev/guide/snapshot.html

exports[`LogDetailPopup > matches snapshot 1`] = `
<DocumentFragment>
  <div
    class="fixed inset-0 flex justify-center items-center bg-black bg-opacity-50 z-50"
  >
    <div
      class="bg-white p-6 rounded-lg shadow-lg max-w-4xl w-full"
    >
      <p
        class="text-gray-700 mb-4"
      >
        Mon May 15 2023
      </p>
      <p
        class="text-lg"
      >
        This is a detailed log entry about my plant's growth.
      </p>
      <div
        class="mt-4 flex justify-end"
      >
        <button
          class="px-4 py-2 bg-red-500 text-white rounded-lg hover:bg-red-600"
        >
          Close
        </button>
      </div>
    </div>
  </div>
</DocumentFragment>
`;
